---
http_interactions:
- request:
    method: post
    uri: https://api.flickr.com/services/rest/
    body:
      encoding: US-ASCII
      string: photoset_id=72157649827363868&method=flickr.photosets.getPhotos&format=json&nojsoncallback=1
    headers:
      Accept-Encoding:
      - gzip;q=1.0,deflate;q=0.6,identity;q=0.3
      Accept:
      - "*/*"
      User-Agent:
      - FlickRaw/0.9.8
      Authorization:
      - OAuth realm="https://api.flickr.com/services/rest/", oauth_consumer_key="<FLICKR_API_KEY>",
        oauth_nonce="oY1%2BqJfSLYNrOFZGqDXwbd93iQO3WhMM1R1TW8%2F12qo%3D", oauth_signature="<FLICKR_SECRET>%26",
        oauth_signature_method="PLAINTEXT", oauth_timestamp="1426093986", oauth_token="",
        oauth_version="1.0"
      Content-Type:
      - application/x-www-form-urlencoded
  response:
    status:
      code: 200
      message: OK
    headers:
      Date:
      - Wed, 11 Mar 2015 17:13:07 GMT
      Content-Type:
      - application/json
      Content-Length:
      - '476'
      P3p:
      - policyref="http://info.yahoo.com/w3c/p3p.xml", CP="CAO DSP COR CUR ADM DEV
        TAI PSA PSD IVAi IVDi CONi TELo OTPi OUR DELi SAMi OTRi UNRi PUBi IND PHY
        ONL UNI PUR FIN COM NAV INT DEM CNT STA POL HEA PRE LOC GOV"
      Cache-Control:
      - private
      X-Served-By:
      - www244.flickr.bf1.yahoo.com
      Vary:
      - Accept-Encoding
      Age:
      - '1'
      Via:
      - http/1.1 fts112.flickr.bf1.yahoo.com (ApacheTrafficServer/4.0.2 [cMsSf ]),
        http/1.1 r07.ycpi.dea.yahoo.net (ApacheTrafficServer [cMsSf ])
      Server:
      - ATS
      Connection:
      - keep-alive
    body:
      encoding: ASCII-8BIT
      string: '{"photoset":{"id":"72157649827363868","primary":"16252009191","owner":"73135567@N00","ownername":"pikesley","photo":[{"id":"16252009191","secret":"ea2d06e6bb","server":"7506","farm":8,"title":"First
        planting of the year","isprimary":"1","ispublic":1,"isfriend":0,"isfamily":0},{"id":"16308144622","secret":"4822b81b0e","server":"7480","farm":8,"title":"Seedlings","isprimary":"0","ispublic":1,"isfriend":0,"isfamily":0},{"id":"16202827068","secret":"ee50e0cb1c","server":"7357","farm":8,"title":"Tomato
        farm","isprimary":"0","ispublic":1,"isfriend":0,"isfamily":0},{"id":"16388723891","secret":"10a4a8e745","server":"7382","farm":8,"title":"Cucamelon","isprimary":"0","ispublic":1,"isfriend":0,"isfamily":0},{"id":"16308619689","secret":"41143c6dbb","server":"7327","farm":8,"title":"Potato
        kit","isprimary":"0","ispublic":1,"isfriend":0,"isfamily":0},{"id":"16367228619","secret":"3af2aba147","server":"8660","farm":9,"title":"Embothrium
        seedling","isprimary":"0","ispublic":1,"isfriend":0,"isfamily":0},{"id":"16752302412","secret":"d80b27c8dc","server":"8707","farm":9,"title":"Growhouse","isprimary":"0","ispublic":1,"isfriend":0,"isfamily":0},{"id":"16752239531","secret":"2bcaa35495","server":"7651","farm":8,"title":"Patio
        pots","isprimary":"0","ispublic":1,"isfriend":0,"isfamily":0}],"page":1,"per_page":500,"perpage":500,"pages":1,"total":"8","title":"Garden
        2015"},"stat":"ok"}'
    http_version: 
  recorded_at: Wed, 11 Mar 2015 17:13:07 GMT
- request:
    method: post
    uri: https://api.flickr.com/services/rest/
    body:
      encoding: US-ASCII
      string: photo_id=16252009191&method=flickr.photos.getInfo&format=json&nojsoncallback=1
    headers:
      Accept-Encoding:
      - gzip;q=1.0,deflate;q=0.6,identity;q=0.3
      Accept:
      - "*/*"
      User-Agent:
      - FlickRaw/0.9.8
      Authorization:
      - OAuth realm="https://api.flickr.com/services/rest/", oauth_consumer_key="<FLICKR_API_KEY>",
        oauth_nonce="HWVuQMitFCuzM136M6IeMX2wepnvIrt1gyx7DKKQS5g%3D", oauth_signature="<FLICKR_SECRET>%26",
        oauth_signature_method="PLAINTEXT", oauth_timestamp="1426093987", oauth_token="",
        oauth_version="1.0"
      Content-Type:
      - application/x-www-form-urlencoded
  response:
    status:
      code: 200
      message: OK
    headers:
      Date:
      - Wed, 11 Mar 2015 17:13:07 GMT
      Content-Type:
      - application/json
      Content-Length:
      - '555'
      P3p:
      - policyref="http://info.yahoo.com/w3c/p3p.xml", CP="CAO DSP COR CUR ADM DEV
        TAI PSA PSD IVAi IVDi CONi TELo OTPi OUR DELi SAMi OTRi UNRi PUBi IND PHY
        ONL UNI PUR FIN COM NAV INT DEM CNT STA POL HEA PRE LOC GOV"
      Cache-Control:
      - private
      X-Served-By:
      - www17.flickr.bf1.yahoo.com
      Vary:
      - Accept-Encoding
      Age:
      - '0'
      Via:
      - http/1.1 fts123.flickr.bf1.yahoo.com (ApacheTrafficServer/4.0.2 [cMsSf ]),
        http/1.1 r08.ycpi.dea.yahoo.net (ApacheTrafficServer [cMsSf ])
      Server:
      - ATS
      Connection:
      - keep-alive
    body:
      encoding: ASCII-8BIT
      string: '{"photo":{"id":"16252009191","secret":"ea2d06e6bb","server":"7506","farm":8,"dateuploaded":"1420982656","isfavorite":0,"license":"1","safety_level":"0","rotation":0,"originalsecret":"dd0b6e4274","originalformat":"jpg","owner":{"nsid":"73135567@N00","username":"pikesley","realname":"Sam","location":"London","iconserver":"5072","iconfarm":6,"path_alias":"pikesley"},"title":{"_content":"First
        planting of the year"},"description":{"_content":""},"visibility":{"ispublic":1,"isfriend":0,"isfamily":0},"dates":{"posted":"1420982656","taken":"2015-01-11
        14:22:47","takengranularity":"0","takenunknown":"0","lastupdate":"1420982715"},"views":"166","editability":{"cancomment":0,"canaddmeta":0},"publiceditability":{"cancomment":1,"canaddmeta":0},"usage":{"candownload":1,"canblog":0,"canprint":0,"canshare":1},"comments":{"_content":"0"},"notes":{"note":[]},"people":{"haspeople":0},"tags":{"tag":[]},"urls":{"url":[{"type":"photopage","_content":"https:\/\/www.flickr.com\/photos\/pikesley\/16252009191\/"}]},"media":"photo"},"stat":"ok"}'
    http_version: 
  recorded_at: Wed, 11 Mar 2015 17:13:07 GMT
- request:
    method: post
    uri: https://api.flickr.com/services/rest/
    body:
      encoding: US-ASCII
      string: photo_id=16308144622&method=flickr.photos.getInfo&format=json&nojsoncallback=1
    headers:
      Accept-Encoding:
      - gzip;q=1.0,deflate;q=0.6,identity;q=0.3
      Accept:
      - "*/*"
      User-Agent:
      - FlickRaw/0.9.8
      Authorization:
      - OAuth realm="https://api.flickr.com/services/rest/", oauth_consumer_key="<FLICKR_API_KEY>",
        oauth_nonce="83L6%2FnnUDh9tU9jvqnB9Tm8YKhcC3QOjBKfgjyDooM4%3D", oauth_signature="<FLICKR_SECRET>%26",
        oauth_signature_method="PLAINTEXT", oauth_timestamp="1426093987", oauth_token="",
        oauth_version="1.0"
      Content-Type:
      - application/x-www-form-urlencoded
  response:
    status:
      code: 200
      message: OK
    headers:
      Date:
      - Wed, 11 Mar 2015 17:13:07 GMT
      Content-Type:
      - application/json
      Content-Length:
      - '544'
      P3p:
      - policyref="http://info.yahoo.com/w3c/p3p.xml", CP="CAO DSP COR CUR ADM DEV
        TAI PSA PSD IVAi IVDi CONi TELo OTPi OUR DELi SAMi OTRi UNRi PUBi IND PHY
        ONL UNI PUR FIN COM NAV INT DEM CNT STA POL HEA PRE LOC GOV"
      Cache-Control:
      - private
      X-Served-By:
      - www289.flickr.bf1.yahoo.com
      Vary:
      - Accept-Encoding
      Age:
      - '0'
      Via:
      - http/1.1 fts123.flickr.bf1.yahoo.com (ApacheTrafficServer/4.0.2 [cMsSf ]),
        http/1.1 r20.ycpi.dea.yahoo.net (ApacheTrafficServer [cMsSf ])
      Server:
      - ATS
      Connection:
      - keep-alive
    body:
      encoding: ASCII-8BIT
      string: '{"photo":{"id":"16308144622","secret":"4822b81b0e","server":"7480","farm":8,"dateuploaded":"1421591962","isfavorite":0,"license":"1","safety_level":"0","rotation":0,"originalsecret":"fafedaf4a8","originalformat":"jpg","owner":{"nsid":"73135567@N00","username":"pikesley","realname":"Sam","location":"London","iconserver":"5072","iconfarm":6,"path_alias":"pikesley"},"title":{"_content":"Seedlings"},"description":{"_content":""},"visibility":{"ispublic":1,"isfriend":0,"isfamily":0},"dates":{"posted":"1421591962","taken":"2015-01-18
        15:31:34","takengranularity":"0","takenunknown":"0","lastupdate":"1421592677"},"views":"175","editability":{"cancomment":0,"canaddmeta":0},"publiceditability":{"cancomment":1,"canaddmeta":0},"usage":{"candownload":1,"canblog":0,"canprint":0,"canshare":1},"comments":{"_content":"0"},"notes":{"note":[]},"people":{"haspeople":0},"tags":{"tag":[]},"urls":{"url":[{"type":"photopage","_content":"https:\/\/www.flickr.com\/photos\/pikesley\/16308144622\/"}]},"media":"photo"},"stat":"ok"}'
    http_version: 
  recorded_at: Wed, 11 Mar 2015 17:13:07 GMT
- request:
    method: post
    uri: https://api.flickr.com/services/rest/
    body:
      encoding: US-ASCII
      string: photo_id=16202827068&method=flickr.photos.getInfo&format=json&nojsoncallback=1
    headers:
      Accept-Encoding:
      - gzip;q=1.0,deflate;q=0.6,identity;q=0.3
      Accept:
      - "*/*"
      User-Agent:
      - FlickRaw/0.9.8
      Authorization:
      - OAuth realm="https://api.flickr.com/services/rest/", oauth_consumer_key="<FLICKR_API_KEY>",
        oauth_nonce="eBOFdV7U0juq3cMhKbKxMYrcWRYe7TpkHmM7KTJXDUY%3D", oauth_signature="<FLICKR_SECRET>%26",
        oauth_signature_method="PLAINTEXT", oauth_timestamp="1426093987", oauth_token="",
        oauth_version="1.0"
      Content-Type:
      - application/x-www-form-urlencoded
  response:
    status:
      code: 200
      message: OK
    headers:
      Date:
      - Wed, 11 Mar 2015 17:13:08 GMT
      Content-Type:
      - application/json
      Content-Length:
      - '542'
      P3p:
      - policyref="http://info.yahoo.com/w3c/p3p.xml", CP="CAO DSP COR CUR ADM DEV
        TAI PSA PSD IVAi IVDi CONi TELo OTPi OUR DELi SAMi OTRi UNRi PUBi IND PHY
        ONL UNI PUR FIN COM NAV INT DEM CNT STA POL HEA PRE LOC GOV"
      Cache-Control:
      - private
      X-Served-By:
      - www334.flickr.bf1.yahoo.com
      Vary:
      - Accept-Encoding
      Age:
      - '0'
      Via:
      - http/1.1 fts104.flickr.bf1.yahoo.com (ApacheTrafficServer/4.0.2 [cMsSf ]),
        http/1.1 r10.ycpi.dea.yahoo.net (ApacheTrafficServer [cMsSf ])
      Server:
      - ATS
      Connection:
      - keep-alive
    body:
      encoding: ASCII-8BIT
      string: '{"photo":{"id":"16202827068","secret":"ee50e0cb1c","server":"7357","farm":8,"dateuploaded":"1422476532","isfavorite":0,"license":"1","safety_level":"0","rotation":0,"originalsecret":"06e6a96521","originalformat":"jpg","owner":{"nsid":"73135567@N00","username":"pikesley","realname":"Sam","location":"London","iconserver":"5072","iconfarm":6,"path_alias":"pikesley"},"title":{"_content":"Tomato
        farm"},"description":{"_content":""},"visibility":{"ispublic":1,"isfriend":0,"isfamily":0},"dates":{"posted":"1422476532","taken":"2015-01-28
        21:19:32","takengranularity":"0","takenunknown":"0","lastupdate":"1422476584"},"views":"103","editability":{"cancomment":0,"canaddmeta":0},"publiceditability":{"cancomment":1,"canaddmeta":0},"usage":{"candownload":1,"canblog":0,"canprint":0,"canshare":1},"comments":{"_content":"0"},"notes":{"note":[]},"people":{"haspeople":0},"tags":{"tag":[]},"urls":{"url":[{"type":"photopage","_content":"https:\/\/www.flickr.com\/photos\/pikesley\/16202827068\/"}]},"media":"photo"},"stat":"ok"}'
    http_version: 
  recorded_at: Wed, 11 Mar 2015 17:13:08 GMT
- request:
    method: post
    uri: https://api.flickr.com/services/rest/
    body:
      encoding: US-ASCII
      string: photo_id=16388723891&method=flickr.photos.getInfo&format=json&nojsoncallback=1
    headers:
      Accept-Encoding:
      - gzip;q=1.0,deflate;q=0.6,identity;q=0.3
      Accept:
      - "*/*"
      User-Agent:
      - FlickRaw/0.9.8
      Authorization:
      - OAuth realm="https://api.flickr.com/services/rest/", oauth_consumer_key="<FLICKR_API_KEY>",
        oauth_nonce="b9W9Kb%2Fe%2FqF2kCaz9pnRKVvsAksPIo5Kuw6%2BqryuSyk%3D", oauth_signature="<FLICKR_SECRET>%26",
        oauth_signature_method="PLAINTEXT", oauth_timestamp="1426093988", oauth_token="",
        oauth_version="1.0"
      Content-Type:
      - application/x-www-form-urlencoded
  response:
    status:
      code: 200
      message: OK
    headers:
      Date:
      - Wed, 11 Mar 2015 17:13:08 GMT
      Content-Type:
      - application/json
      Content-Length:
      - '543'
      P3p:
      - policyref="http://info.yahoo.com/w3c/p3p.xml", CP="CAO DSP COR CUR ADM DEV
        TAI PSA PSD IVAi IVDi CONi TELo OTPi OUR DELi SAMi OTRi UNRi PUBi IND PHY
        ONL UNI PUR FIN COM NAV INT DEM CNT STA POL HEA PRE LOC GOV"
      Cache-Control:
      - private
      X-Served-By:
      - bm-www930.flickr.bf1.yahoo.com
      Vary:
      - Accept-Encoding
      Age:
      - '0'
      Via:
      - http/1.1 fts103.flickr.bf1.yahoo.com (ApacheTrafficServer/4.0.2 [cMsSf ]),
        http/1.1 r22.ycpi.dea.yahoo.net (ApacheTrafficServer [cMsSf ])
      Server:
      - ATS
      Connection:
      - keep-alive
    body:
      encoding: ASCII-8BIT
      string: '{"photo":{"id":"16388723891","secret":"10a4a8e745","server":"7382","farm":8,"dateuploaded":"1422476602","isfavorite":0,"license":"1","safety_level":"0","rotation":0,"originalsecret":"203886b5a3","originalformat":"jpg","owner":{"nsid":"73135567@N00","username":"pikesley","realname":"Sam","location":"London","iconserver":"5072","iconfarm":6,"path_alias":"pikesley"},"title":{"_content":"Cucamelon"},"description":{"_content":""},"visibility":{"ispublic":1,"isfriend":0,"isfamily":0},"dates":{"posted":"1422476602","taken":"2015-01-28
        21:19:45","takengranularity":"0","takenunknown":"0","lastupdate":"1422477672"},"views":"116","editability":{"cancomment":0,"canaddmeta":0},"publiceditability":{"cancomment":1,"canaddmeta":0},"usage":{"candownload":1,"canblog":0,"canprint":0,"canshare":1},"comments":{"_content":"0"},"notes":{"note":[]},"people":{"haspeople":0},"tags":{"tag":[]},"urls":{"url":[{"type":"photopage","_content":"https:\/\/www.flickr.com\/photos\/pikesley\/16388723891\/"}]},"media":"photo"},"stat":"ok"}'
    http_version: 
  recorded_at: Wed, 11 Mar 2015 17:13:08 GMT
- request:
    method: post
    uri: https://api.flickr.com/services/rest/
    body:
      encoding: US-ASCII
      string: photo_id=16308619689&method=flickr.photos.getInfo&format=json&nojsoncallback=1
    headers:
      Accept-Encoding:
      - gzip;q=1.0,deflate;q=0.6,identity;q=0.3
      Accept:
      - "*/*"
      User-Agent:
      - FlickRaw/0.9.8
      Authorization:
      - OAuth realm="https://api.flickr.com/services/rest/", oauth_consumer_key="<FLICKR_API_KEY>",
        oauth_nonce="7fTuymlltjmNVk1dQSREKoyMp%2BWFTfs0tmaxEfd3WiQ%3D", oauth_signature="<FLICKR_SECRET>%26",
        oauth_signature_method="PLAINTEXT", oauth_timestamp="1426093988", oauth_token="",
        oauth_version="1.0"
      Content-Type:
      - application/x-www-form-urlencoded
  response:
    status:
      code: 200
      message: OK
    headers:
      Date:
      - Wed, 11 Mar 2015 17:13:09 GMT
      Content-Type:
      - application/json
      Content-Length:
      - '545'
      P3p:
      - policyref="http://info.yahoo.com/w3c/p3p.xml", CP="CAO DSP COR CUR ADM DEV
        TAI PSA PSD IVAi IVDi CONi TELo OTPi OUR DELi SAMi OTRi UNRi PUBi IND PHY
        ONL UNI PUR FIN COM NAV INT DEM CNT STA POL HEA PRE LOC GOV"
      Cache-Control:
      - private
      X-Served-By:
      - www298.flickr.bf1.yahoo.com
      Vary:
      - Accept-Encoding
      Age:
      - '2'
      Via:
      - http/1.1 fts105.flickr.bf1.yahoo.com (ApacheTrafficServer/4.0.2 [cMsSf ]),
        http/1.1 r03.ycpi.dea.yahoo.net (ApacheTrafficServer [cMsSf ])
      Server:
      - ATS
      Connection:
      - keep-alive
    body:
      encoding: ASCII-8BIT
      string: '{"photo":{"id":"16308619689","secret":"41143c6dbb","server":"7327","farm":8,"dateuploaded":"1423599466","isfavorite":0,"license":"1","safety_level":"0","rotation":0,"originalsecret":"dc11437dda","originalformat":"jpg","owner":{"nsid":"73135567@N00","username":"pikesley","realname":"Sam","location":"London","iconserver":"5072","iconfarm":6,"path_alias":"pikesley"},"title":{"_content":"Potato
        kit"},"description":{"_content":""},"visibility":{"ispublic":1,"isfriend":0,"isfamily":0},"dates":{"posted":"1423599466","taken":"2015-02-10
        21:14:58","takengranularity":"0","takenunknown":"0","lastupdate":"1423601463"},"views":"75","editability":{"cancomment":0,"canaddmeta":0},"publiceditability":{"cancomment":1,"canaddmeta":0},"usage":{"candownload":1,"canblog":0,"canprint":0,"canshare":1},"comments":{"_content":"0"},"notes":{"note":[]},"people":{"haspeople":0},"tags":{"tag":[]},"urls":{"url":[{"type":"photopage","_content":"https:\/\/www.flickr.com\/photos\/pikesley\/16308619689\/"}]},"media":"photo"},"stat":"ok"}'
    http_version: 
  recorded_at: Wed, 11 Mar 2015 17:13:09 GMT
- request:
    method: post
    uri: https://api.flickr.com/services/rest/
    body:
      encoding: US-ASCII
      string: photo_id=16367228619&method=flickr.photos.getInfo&format=json&nojsoncallback=1
    headers:
      Accept-Encoding:
      - gzip;q=1.0,deflate;q=0.6,identity;q=0.3
      Accept:
      - "*/*"
      User-Agent:
      - FlickRaw/0.9.8
      Authorization:
      - OAuth realm="https://api.flickr.com/services/rest/", oauth_consumer_key="<FLICKR_API_KEY>",
        oauth_nonce="btk1fSOAgvZru8QqXP0g3hj6KA%2FIn4FDDu7EftdqwPs%3D", oauth_signature="<FLICKR_SECRET>%26",
        oauth_signature_method="PLAINTEXT", oauth_timestamp="1426093989", oauth_token="",
        oauth_version="1.0"
      Content-Type:
      - application/x-www-form-urlencoded
  response:
    status:
      code: 200
      message: OK
    headers:
      Date:
      - Wed, 11 Mar 2015 17:13:09 GMT
      Content-Type:
      - application/json
      Content-Length:
      - '550'
      P3p:
      - policyref="http://info.yahoo.com/w3c/p3p.xml", CP="CAO DSP COR CUR ADM DEV
        TAI PSA PSD IVAi IVDi CONi TELo OTPi OUR DELi SAMi OTRi UNRi PUBi IND PHY
        ONL UNI PUR FIN COM NAV INT DEM CNT STA POL HEA PRE LOC GOV"
      Cache-Control:
      - private
      X-Served-By:
      - www295.flickr.bf1.yahoo.com
      Vary:
      - Accept-Encoding
      Age:
      - '0'
      Via:
      - http/1.1 fts106.flickr.bf1.yahoo.com (ApacheTrafficServer/4.0.2 [cMsSf ]),
        http/1.1 r12.ycpi.dea.yahoo.net (ApacheTrafficServer [cMsSf ])
      Server:
      - ATS
      Connection:
      - keep-alive
    body:
      encoding: ASCII-8BIT
      string: '{"photo":{"id":"16367228619","secret":"3af2aba147","server":"8660","farm":9,"dateuploaded":"1424124245","isfavorite":0,"license":"1","safety_level":"0","rotation":0,"originalsecret":"7145f68aed","originalformat":"jpg","owner":{"nsid":"73135567@N00","username":"pikesley","realname":"Sam","location":"London","iconserver":"5072","iconfarm":6,"path_alias":"pikesley"},"title":{"_content":"Embothrium
        seedling"},"description":{"_content":""},"visibility":{"ispublic":1,"isfriend":0,"isfamily":0},"dates":{"posted":"1424124245","taken":"2015-02-16
        23:03:06","takengranularity":"0","takenunknown":"0","lastupdate":"1424125294"},"views":"55","editability":{"cancomment":0,"canaddmeta":0},"publiceditability":{"cancomment":1,"canaddmeta":0},"usage":{"candownload":1,"canblog":0,"canprint":0,"canshare":1},"comments":{"_content":"0"},"notes":{"note":[]},"people":{"haspeople":0},"tags":{"tag":[]},"urls":{"url":[{"type":"photopage","_content":"https:\/\/www.flickr.com\/photos\/pikesley\/16367228619\/"}]},"media":"photo"},"stat":"ok"}'
    http_version: 
  recorded_at: Wed, 11 Mar 2015 17:13:09 GMT
- request:
    method: post
    uri: https://api.flickr.com/services/rest/
    body:
      encoding: US-ASCII
      string: photo_id=16752302412&method=flickr.photos.getInfo&format=json&nojsoncallback=1
    headers:
      Accept-Encoding:
      - gzip;q=1.0,deflate;q=0.6,identity;q=0.3
      Accept:
      - "*/*"
      User-Agent:
      - FlickRaw/0.9.8
      Authorization:
      - OAuth realm="https://api.flickr.com/services/rest/", oauth_consumer_key="<FLICKR_API_KEY>",
        oauth_nonce="aPZdjFQjiIWhPBoku2pOs%2F2VNvUahY72ed7GBEUjZQE%3D", oauth_signature="<FLICKR_SECRET>%26",
        oauth_signature_method="PLAINTEXT", oauth_timestamp="1426093989", oauth_token="",
        oauth_version="1.0"
      Content-Type:
      - application/x-www-form-urlencoded
  response:
    status:
      code: 200
      message: OK
    headers:
      Date:
      - Wed, 11 Mar 2015 17:13:09 GMT
      Content-Type:
      - application/json
      Content-Length:
      - '545'
      P3p:
      - policyref="http://info.yahoo.com/w3c/p3p.xml", CP="CAO DSP COR CUR ADM DEV
        TAI PSA PSD IVAi IVDi CONi TELo OTPi OUR DELi SAMi OTRi UNRi PUBi IND PHY
        ONL UNI PUR FIN COM NAV INT DEM CNT STA POL HEA PRE LOC GOV"
      Cache-Control:
      - private
      X-Served-By:
      - www52.flickr.bf1.yahoo.com
      Vary:
      - Accept-Encoding
      Age:
      - '0'
      Via:
      - http/1.1 fts105.flickr.bf1.yahoo.com (ApacheTrafficServer/4.0.2 [cMsSf ]),
        http/1.1 r15.ycpi.dea.yahoo.net (ApacheTrafficServer [cMsSf ])
      Server:
      - ATS
      Connection:
      - keep-alive
    body:
      encoding: ASCII-8BIT
      string: '{"photo":{"id":"16752302412","secret":"d80b27c8dc","server":"8707","farm":9,"dateuploaded":"1425824636","isfavorite":0,"license":"1","safety_level":"0","rotation":0,"originalsecret":"b2e8dd6c5c","originalformat":"jpg","owner":{"nsid":"73135567@N00","username":"pikesley","realname":"Sam","location":"London","iconserver":"5072","iconfarm":6,"path_alias":"pikesley"},"title":{"_content":"Growhouse"},"description":{"_content":""},"visibility":{"ispublic":1,"isfriend":0,"isfamily":0},"dates":{"posted":"1425824636","taken":"2015-03-08
        15:19:53","takengranularity":"0","takenunknown":"0","lastupdate":"1425825014"},"views":"33","editability":{"cancomment":0,"canaddmeta":0},"publiceditability":{"cancomment":1,"canaddmeta":0},"usage":{"candownload":1,"canblog":0,"canprint":0,"canshare":1},"comments":{"_content":"0"},"notes":{"note":[]},"people":{"haspeople":0},"tags":{"tag":[]},"urls":{"url":[{"type":"photopage","_content":"https:\/\/www.flickr.com\/photos\/pikesley\/16752302412\/"}]},"media":"photo"},"stat":"ok"}'
    http_version: 
  recorded_at: Wed, 11 Mar 2015 17:13:09 GMT
- request:
    method: post
    uri: https://api.flickr.com/services/rest/
    body:
      encoding: US-ASCII
      string: photo_id=16752239531&method=flickr.photos.getInfo&format=json&nojsoncallback=1
    headers:
      Accept-Encoding:
      - gzip;q=1.0,deflate;q=0.6,identity;q=0.3
      Accept:
      - "*/*"
      User-Agent:
      - FlickRaw/0.9.8
      Authorization:
      - OAuth realm="https://api.flickr.com/services/rest/", oauth_consumer_key="<FLICKR_API_KEY>",
        oauth_nonce="Suup3Z4qJljCe0hBnOH76t%2FnAyjBtie66rVYIC4Gvho%3D", oauth_signature="<FLICKR_SECRET>%26",
        oauth_signature_method="PLAINTEXT", oauth_timestamp="1426093989", oauth_token="",
        oauth_version="1.0"
      Content-Type:
      - application/x-www-form-urlencoded
  response:
    status:
      code: 200
      message: OK
    headers:
      Date:
      - Wed, 11 Mar 2015 17:13:10 GMT
      Content-Type:
      - application/json
      Content-Length:
      - '602'
      P3p:
      - policyref="http://info.yahoo.com/w3c/p3p.xml", CP="CAO DSP COR CUR ADM DEV
        TAI PSA PSD IVAi IVDi CONi TELo OTPi OUR DELi SAMi OTRi UNRi PUBi IND PHY
        ONL UNI PUR FIN COM NAV INT DEM CNT STA POL HEA PRE LOC GOV"
      Cache-Control:
      - private
      X-Served-By:
      - www266.flickr.bf1.yahoo.com
      Vary:
      - Accept-Encoding
      Age:
      - '2'
      Via:
      - http/1.1 fts117.flickr.bf1.yahoo.com (ApacheTrafficServer/4.0.2 [cMsSf ]),
        http/1.1 r12.ycpi.dea.yahoo.net (ApacheTrafficServer [cMsSf ])
      Server:
      - ATS
      Connection:
      - keep-alive
    body:
      encoding: ASCII-8BIT
      string: '{"photo":{"id":"16752239531","secret":"2bcaa35495","server":"7651","farm":8,"dateuploaded":"1425824917","isfavorite":0,"license":"1","safety_level":"0","rotation":0,"originalsecret":"6f79696344","originalformat":"jpg","owner":{"nsid":"73135567@N00","username":"pikesley","realname":"Sam","location":"London","iconserver":"5072","iconfarm":6,"path_alias":"pikesley"},"title":{"_content":"Patio
        pots"},"description":{"_content":"Chives, tarragon, sage, thyme, rosemary,
        spinachy things, chocolate mint, potato bags\n"},"visibility":{"ispublic":1,"isfriend":0,"isfamily":0},"dates":{"posted":"1425824917","taken":"2015-03-08
        15:20:22","takengranularity":"0","takenunknown":"0","lastupdate":"1425825005"},"views":"32","editability":{"cancomment":0,"canaddmeta":0},"publiceditability":{"cancomment":1,"canaddmeta":0},"usage":{"candownload":1,"canblog":0,"canprint":0,"canshare":1},"comments":{"_content":"0"},"notes":{"note":[]},"people":{"haspeople":0},"tags":{"tag":[]},"urls":{"url":[{"type":"photopage","_content":"https:\/\/www.flickr.com\/photos\/pikesley\/16752239531\/"}]},"media":"photo"},"stat":"ok"}'
    http_version: 
  recorded_at: Wed, 11 Mar 2015 17:13:10 GMT
- request:
    method: post
    uri: https://api.flickr.com/services/rest/
    body:
      encoding: US-ASCII
      string: photo_id=16252009191&method=flickr.photos.getInfo&format=json&nojsoncallback=1
    headers:
      Accept-Encoding:
      - gzip;q=1.0,deflate;q=0.6,identity;q=0.3
      Accept:
      - "*/*"
      User-Agent:
      - FlickRaw/0.9.8
      Authorization:
      - OAuth realm="https://api.flickr.com/services/rest/", oauth_consumer_key="<FLICKR_API_KEY>",
        oauth_nonce="dc13b3XoliZ8yxvjzOcOPVUqx9wvHX5qi4BeYgN%2B5dQ%3D", oauth_signature="<FLICKR_SECRET>%26",
        oauth_signature_method="PLAINTEXT", oauth_timestamp="1426093990", oauth_token="",
        oauth_version="1.0"
      Content-Type:
      - application/x-www-form-urlencoded
  response:
    status:
      code: 200
      message: OK
    headers:
      Date:
      - Wed, 11 Mar 2015 17:13:11 GMT
      Content-Type:
      - application/json
      Content-Length:
      - '555'
      P3p:
      - policyref="http://info.yahoo.com/w3c/p3p.xml", CP="CAO DSP COR CUR ADM DEV
        TAI PSA PSD IVAi IVDi CONi TELo OTPi OUR DELi SAMi OTRi UNRi PUBi IND PHY
        ONL UNI PUR FIN COM NAV INT DEM CNT STA POL HEA PRE LOC GOV"
      Cache-Control:
      - private
      X-Served-By:
      - www315.flickr.bf1.yahoo.com
      Vary:
      - Accept-Encoding
      Age:
      - '2'
      Via:
      - http/1.1 fts106.flickr.bf1.yahoo.com (ApacheTrafficServer/4.0.2 [cMsSf ]),
        http/1.1 r11.ycpi.dea.yahoo.net (ApacheTrafficServer [cMsSf ])
      Server:
      - ATS
      Connection:
      - keep-alive
    body:
      encoding: ASCII-8BIT
      string: '{"photo":{"id":"16252009191","secret":"ea2d06e6bb","server":"7506","farm":8,"dateuploaded":"1420982656","isfavorite":0,"license":"1","safety_level":"0","rotation":0,"originalsecret":"dd0b6e4274","originalformat":"jpg","owner":{"nsid":"73135567@N00","username":"pikesley","realname":"Sam","location":"London","iconserver":"5072","iconfarm":6,"path_alias":"pikesley"},"title":{"_content":"First
        planting of the year"},"description":{"_content":""},"visibility":{"ispublic":1,"isfriend":0,"isfamily":0},"dates":{"posted":"1420982656","taken":"2015-01-11
        14:22:47","takengranularity":"0","takenunknown":"0","lastupdate":"1420982715"},"views":"166","editability":{"cancomment":0,"canaddmeta":0},"publiceditability":{"cancomment":1,"canaddmeta":0},"usage":{"candownload":1,"canblog":0,"canprint":0,"canshare":1},"comments":{"_content":"0"},"notes":{"note":[]},"people":{"haspeople":0},"tags":{"tag":[]},"urls":{"url":[{"type":"photopage","_content":"https:\/\/www.flickr.com\/photos\/pikesley\/16252009191\/"}]},"media":"photo"},"stat":"ok"}'
    http_version: 
  recorded_at: Wed, 11 Mar 2015 17:13:11 GMT
- request:
    method: post
    uri: https://api.flickr.com/services/rest/
    body:
      encoding: US-ASCII
      string: method=flickr.photos.licenses.getInfo&format=json&nojsoncallback=1
    headers:
      Accept-Encoding:
      - gzip;q=1.0,deflate;q=0.6,identity;q=0.3
      Accept:
      - "*/*"
      User-Agent:
      - FlickRaw/0.9.8
      Authorization:
      - OAuth realm="https://api.flickr.com/services/rest/", oauth_consumer_key="<FLICKR_API_KEY>",
        oauth_nonce="HJBhlDKKhS1qqXawyE%2FoW%2BlFlK5sMj5zqul6Pq%2FMcec%3D", oauth_signature="<FLICKR_SECRET>%26",
        oauth_signature_method="PLAINTEXT", oauth_timestamp="1426093991", oauth_token="",
        oauth_version="1.0"
      Content-Type:
      - application/x-www-form-urlencoded
  response:
    status:
      code: 200
      message: OK
    headers:
      Date:
      - Wed, 11 Mar 2015 17:13:11 GMT
      Content-Type:
      - application/json
      Content-Length:
      - '314'
      P3p:
      - policyref="http://info.yahoo.com/w3c/p3p.xml", CP="CAO DSP COR CUR ADM DEV
        TAI PSA PSD IVAi IVDi CONi TELo OTPi OUR DELi SAMi OTRi UNRi PUBi IND PHY
        ONL UNI PUR FIN COM NAV INT DEM CNT STA POL HEA PRE LOC GOV"
      Cache-Control:
      - private
      X-Served-By:
      - www10.flickr.bf1.yahoo.com
      Vary:
      - Accept-Encoding
      Age:
      - '0'
      Via:
      - http/1.1 fts116.flickr.bf1.yahoo.com (ApacheTrafficServer/4.0.2 [cMsSf ]),
        http/1.1 r07.ycpi.dea.yahoo.net (ApacheTrafficServer [cMsSf ])
      Server:
      - ATS
      Connection:
      - keep-alive
    body:
      encoding: ASCII-8BIT
      string: '{"licenses":{"license":[{"id":"0","name":"All Rights Reserved","url":""},{"id":"4","name":"Attribution
        License","url":"https:\/\/creativecommons.org\/licenses\/by\/2.0\/"},{"id":"6","name":"Attribution-NoDerivs
        License","url":"https:\/\/creativecommons.org\/licenses\/by-nd\/2.0\/"},{"id":"3","name":"Attribution-NonCommercial-NoDerivs
        License","url":"https:\/\/creativecommons.org\/licenses\/by-nc-nd\/2.0\/"},{"id":"2","name":"Attribution-NonCommercial
        License","url":"https:\/\/creativecommons.org\/licenses\/by-nc\/2.0\/"},{"id":"1","name":"Attribution-NonCommercial-ShareAlike
        License","url":"https:\/\/creativecommons.org\/licenses\/by-nc-sa\/2.0\/"},{"id":"5","name":"Attribution-ShareAlike
        License","url":"https:\/\/creativecommons.org\/licenses\/by-sa\/2.0\/"},{"id":"7","name":"No
        known copyright restrictions","url":"https:\/\/www.flickr.com\/commons\/usage\/"},{"id":"8","name":"United
        States Government Work","url":"http:\/\/www.usa.gov\/copyright.shtml"}]},"stat":"ok"}'
    http_version: 
  recorded_at: Wed, 11 Mar 2015 17:13:11 GMT
- request:
    method: post
    uri: https://api.flickr.com/services/rest/
    body:
      encoding: US-ASCII
      string: photo_id=16308144622&method=flickr.photos.getInfo&format=json&nojsoncallback=1
    headers:
      Accept-Encoding:
      - gzip;q=1.0,deflate;q=0.6,identity;q=0.3
      Accept:
      - "*/*"
      User-Agent:
      - FlickRaw/0.9.8
      Authorization:
      - OAuth realm="https://api.flickr.com/services/rest/", oauth_consumer_key="<FLICKR_API_KEY>",
        oauth_nonce="pPjRelRyGhYDtt1vQPTLmkUxzY0BXdY%2FUpiMhPO7M8U%3D", oauth_signature="<FLICKR_SECRET>%26",
        oauth_signature_method="PLAINTEXT", oauth_timestamp="1426093991", oauth_token="",
        oauth_version="1.0"
      Content-Type:
      - application/x-www-form-urlencoded
  response:
    status:
      code: 200
      message: OK
    headers:
      Date:
      - Wed, 11 Mar 2015 17:13:11 GMT
      Content-Type:
      - application/json
      Content-Length:
      - '544'
      P3p:
      - policyref="http://info.yahoo.com/w3c/p3p.xml", CP="CAO DSP COR CUR ADM DEV
        TAI PSA PSD IVAi IVDi CONi TELo OTPi OUR DELi SAMi OTRi UNRi PUBi IND PHY
        ONL UNI PUR FIN COM NAV INT DEM CNT STA POL HEA PRE LOC GOV"
      Cache-Control:
      - private
      X-Served-By:
      - www259.flickr.bf1.yahoo.com
      Vary:
      - Accept-Encoding
      Age:
      - '0'
      Via:
      - http/1.1 fts121.flickr.bf1.yahoo.com (ApacheTrafficServer/4.0.2 [cMsSf ]),
        http/1.1 r01.ycpi.dea.yahoo.net (ApacheTrafficServer [cMsSf ])
      Server:
      - ATS
      Connection:
      - keep-alive
    body:
      encoding: ASCII-8BIT
      string: '{"photo":{"id":"16308144622","secret":"4822b81b0e","server":"7480","farm":8,"dateuploaded":"1421591962","isfavorite":0,"license":"1","safety_level":"0","rotation":0,"originalsecret":"fafedaf4a8","originalformat":"jpg","owner":{"nsid":"73135567@N00","username":"pikesley","realname":"Sam","location":"London","iconserver":"5072","iconfarm":6,"path_alias":"pikesley"},"title":{"_content":"Seedlings"},"description":{"_content":""},"visibility":{"ispublic":1,"isfriend":0,"isfamily":0},"dates":{"posted":"1421591962","taken":"2015-01-18
        15:31:34","takengranularity":"0","takenunknown":"0","lastupdate":"1421592677"},"views":"175","editability":{"cancomment":0,"canaddmeta":0},"publiceditability":{"cancomment":1,"canaddmeta":0},"usage":{"candownload":1,"canblog":0,"canprint":0,"canshare":1},"comments":{"_content":"0"},"notes":{"note":[]},"people":{"haspeople":0},"tags":{"tag":[]},"urls":{"url":[{"type":"photopage","_content":"https:\/\/www.flickr.com\/photos\/pikesley\/16308144622\/"}]},"media":"photo"},"stat":"ok"}'
    http_version: 
  recorded_at: Wed, 11 Mar 2015 17:13:11 GMT
- request:
    method: post
    uri: https://api.flickr.com/services/rest/
    body:
      encoding: US-ASCII
      string: photo_id=16202827068&method=flickr.photos.getInfo&format=json&nojsoncallback=1
    headers:
      Accept-Encoding:
      - gzip;q=1.0,deflate;q=0.6,identity;q=0.3
      Accept:
      - "*/*"
      User-Agent:
      - FlickRaw/0.9.8
      Authorization:
      - OAuth realm="https://api.flickr.com/services/rest/", oauth_consumer_key="<FLICKR_API_KEY>",
        oauth_nonce="RIHfj%2FIbgdV9wZ4kDatTznGZ9hlUFiZ9%2Ba7FhF33ixM%3D", oauth_signature="<FLICKR_SECRET>%26",
        oauth_signature_method="PLAINTEXT", oauth_timestamp="1426093991", oauth_token="",
        oauth_version="1.0"
      Content-Type:
      - application/x-www-form-urlencoded
  response:
    status:
      code: 200
      message: OK
    headers:
      Date:
      - Wed, 11 Mar 2015 17:13:12 GMT
      Content-Type:
      - application/json
      Content-Length:
      - '542'
      P3p:
      - policyref="http://info.yahoo.com/w3c/p3p.xml", CP="CAO DSP COR CUR ADM DEV
        TAI PSA PSD IVAi IVDi CONi TELo OTPi OUR DELi SAMi OTRi UNRi PUBi IND PHY
        ONL UNI PUR FIN COM NAV INT DEM CNT STA POL HEA PRE LOC GOV"
      Cache-Control:
      - private
      X-Served-By:
      - www261.flickr.bf1.yahoo.com
      Vary:
      - Accept-Encoding
      Age:
      - '1'
      Via:
      - http/1.1 fts120.flickr.bf1.yahoo.com (ApacheTrafficServer/4.0.2 [cMsSf ]),
        http/1.1 r14.ycpi.dea.yahoo.net (ApacheTrafficServer [cMsSf ])
      Server:
      - ATS
      Connection:
      - keep-alive
    body:
      encoding: ASCII-8BIT
      string: '{"photo":{"id":"16202827068","secret":"ee50e0cb1c","server":"7357","farm":8,"dateuploaded":"1422476532","isfavorite":0,"license":"1","safety_level":"0","rotation":0,"originalsecret":"06e6a96521","originalformat":"jpg","owner":{"nsid":"73135567@N00","username":"pikesley","realname":"Sam","location":"London","iconserver":"5072","iconfarm":6,"path_alias":"pikesley"},"title":{"_content":"Tomato
        farm"},"description":{"_content":""},"visibility":{"ispublic":1,"isfriend":0,"isfamily":0},"dates":{"posted":"1422476532","taken":"2015-01-28
        21:19:32","takengranularity":"0","takenunknown":"0","lastupdate":"1422476584"},"views":"103","editability":{"cancomment":0,"canaddmeta":0},"publiceditability":{"cancomment":1,"canaddmeta":0},"usage":{"candownload":1,"canblog":0,"canprint":0,"canshare":1},"comments":{"_content":"0"},"notes":{"note":[]},"people":{"haspeople":0},"tags":{"tag":[]},"urls":{"url":[{"type":"photopage","_content":"https:\/\/www.flickr.com\/photos\/pikesley\/16202827068\/"}]},"media":"photo"},"stat":"ok"}'
    http_version: 
  recorded_at: Wed, 11 Mar 2015 17:13:12 GMT
- request:
    method: post
    uri: https://api.flickr.com/services/rest/
    body:
      encoding: US-ASCII
      string: photo_id=16388723891&method=flickr.photos.getInfo&format=json&nojsoncallback=1
    headers:
      Accept-Encoding:
      - gzip;q=1.0,deflate;q=0.6,identity;q=0.3
      Accept:
      - "*/*"
      User-Agent:
      - FlickRaw/0.9.8
      Authorization:
      - OAuth realm="https://api.flickr.com/services/rest/", oauth_consumer_key="<FLICKR_API_KEY>",
        oauth_nonce="kj0ouiUSpUJbZvh0PNEFc0VFFhCyx6vj1dnScnCBIoE%3D", oauth_signature="<FLICKR_SECRET>%26",
        oauth_signature_method="PLAINTEXT", oauth_timestamp="1426093992", oauth_token="",
        oauth_version="1.0"
      Content-Type:
      - application/x-www-form-urlencoded
  response:
    status:
      code: 200
      message: OK
    headers:
      Date:
      - Wed, 11 Mar 2015 17:13:12 GMT
      Content-Type:
      - application/json
      Content-Length:
      - '543'
      P3p:
      - policyref="http://info.yahoo.com/w3c/p3p.xml", CP="CAO DSP COR CUR ADM DEV
        TAI PSA PSD IVAi IVDi CONi TELo OTPi OUR DELi SAMi OTRi UNRi PUBi IND PHY
        ONL UNI PUR FIN COM NAV INT DEM CNT STA POL HEA PRE LOC GOV"
      Cache-Control:
      - private
      X-Served-By:
      - www281.flickr.bf1.yahoo.com
      Vary:
      - Accept-Encoding
      Age:
      - '0'
      Via:
      - http/1.1 fts106.flickr.bf1.yahoo.com (ApacheTrafficServer/4.0.2 [cMsSf ]),
        http/1.1 r17.ycpi.dea.yahoo.net (ApacheTrafficServer [cMsSf ])
      Server:
      - ATS
      Connection:
      - keep-alive
    body:
      encoding: ASCII-8BIT
      string: '{"photo":{"id":"16388723891","secret":"10a4a8e745","server":"7382","farm":8,"dateuploaded":"1422476602","isfavorite":0,"license":"1","safety_level":"0","rotation":0,"originalsecret":"203886b5a3","originalformat":"jpg","owner":{"nsid":"73135567@N00","username":"pikesley","realname":"Sam","location":"London","iconserver":"5072","iconfarm":6,"path_alias":"pikesley"},"title":{"_content":"Cucamelon"},"description":{"_content":""},"visibility":{"ispublic":1,"isfriend":0,"isfamily":0},"dates":{"posted":"1422476602","taken":"2015-01-28
        21:19:45","takengranularity":"0","takenunknown":"0","lastupdate":"1422477672"},"views":"116","editability":{"cancomment":0,"canaddmeta":0},"publiceditability":{"cancomment":1,"canaddmeta":0},"usage":{"candownload":1,"canblog":0,"canprint":0,"canshare":1},"comments":{"_content":"0"},"notes":{"note":[]},"people":{"haspeople":0},"tags":{"tag":[]},"urls":{"url":[{"type":"photopage","_content":"https:\/\/www.flickr.com\/photos\/pikesley\/16388723891\/"}]},"media":"photo"},"stat":"ok"}'
    http_version: 
  recorded_at: Wed, 11 Mar 2015 17:13:12 GMT
- request:
    method: post
    uri: https://api.flickr.com/services/rest/
    body:
      encoding: US-ASCII
      string: photo_id=16308619689&method=flickr.photos.getInfo&format=json&nojsoncallback=1
    headers:
      Accept-Encoding:
      - gzip;q=1.0,deflate;q=0.6,identity;q=0.3
      Accept:
      - "*/*"
      User-Agent:
      - FlickRaw/0.9.8
      Authorization:
      - OAuth realm="https://api.flickr.com/services/rest/", oauth_consumer_key="<FLICKR_API_KEY>",
        oauth_nonce="S5WemHpkY78VF0YSiTrD0SoCmgqV5jgsScVoclhc9j4%3D", oauth_signature="<FLICKR_SECRET>%26",
        oauth_signature_method="PLAINTEXT", oauth_timestamp="1426093992", oauth_token="",
        oauth_version="1.0"
      Content-Type:
      - application/x-www-form-urlencoded
  response:
    status:
      code: 200
      message: OK
    headers:
      Date:
      - Wed, 11 Mar 2015 17:13:13 GMT
      Content-Type:
      - application/json
      Content-Length:
      - '545'
      P3p:
      - policyref="http://info.yahoo.com/w3c/p3p.xml", CP="CAO DSP COR CUR ADM DEV
        TAI PSA PSD IVAi IVDi CONi TELo OTPi OUR DELi SAMi OTRi UNRi PUBi IND PHY
        ONL UNI PUR FIN COM NAV INT DEM CNT STA POL HEA PRE LOC GOV"
      Cache-Control:
      - private
      X-Served-By:
      - www16.flickr.bf1.yahoo.com
      Vary:
      - Accept-Encoding
      Age:
      - '0'
      Via:
      - http/1.1 fts122.flickr.bf1.yahoo.com (ApacheTrafficServer/4.0.2 [cMsSf ]),
        http/1.1 r21.ycpi.dea.yahoo.net (ApacheTrafficServer [cMsSf ])
      Server:
      - ATS
      Connection:
      - keep-alive
    body:
      encoding: ASCII-8BIT
      string: '{"photo":{"id":"16308619689","secret":"41143c6dbb","server":"7327","farm":8,"dateuploaded":"1423599466","isfavorite":0,"license":"1","safety_level":"0","rotation":0,"originalsecret":"dc11437dda","originalformat":"jpg","owner":{"nsid":"73135567@N00","username":"pikesley","realname":"Sam","location":"London","iconserver":"5072","iconfarm":6,"path_alias":"pikesley"},"title":{"_content":"Potato
        kit"},"description":{"_content":""},"visibility":{"ispublic":1,"isfriend":0,"isfamily":0},"dates":{"posted":"1423599466","taken":"2015-02-10
        21:14:58","takengranularity":"0","takenunknown":"0","lastupdate":"1423601463"},"views":"75","editability":{"cancomment":0,"canaddmeta":0},"publiceditability":{"cancomment":1,"canaddmeta":0},"usage":{"candownload":1,"canblog":0,"canprint":0,"canshare":1},"comments":{"_content":"0"},"notes":{"note":[]},"people":{"haspeople":0},"tags":{"tag":[]},"urls":{"url":[{"type":"photopage","_content":"https:\/\/www.flickr.com\/photos\/pikesley\/16308619689\/"}]},"media":"photo"},"stat":"ok"}'
    http_version: 
  recorded_at: Wed, 11 Mar 2015 17:13:13 GMT
- request:
    method: post
    uri: https://api.flickr.com/services/rest/
    body:
      encoding: US-ASCII
      string: photo_id=16367228619&method=flickr.photos.getInfo&format=json&nojsoncallback=1
    headers:
      Accept-Encoding:
      - gzip;q=1.0,deflate;q=0.6,identity;q=0.3
      Accept:
      - "*/*"
      User-Agent:
      - FlickRaw/0.9.8
      Authorization:
      - OAuth realm="https://api.flickr.com/services/rest/", oauth_consumer_key="<FLICKR_API_KEY>",
        oauth_nonce="afEZwrm86kuAok6r9eVeMkX9xqYgMifq7olLpGjFMjs%3D", oauth_signature="<FLICKR_SECRET>%26",
        oauth_signature_method="PLAINTEXT", oauth_timestamp="1426093993", oauth_token="",
        oauth_version="1.0"
      Content-Type:
      - application/x-www-form-urlencoded
  response:
    status:
      code: 200
      message: OK
    headers:
      Date:
      - Wed, 11 Mar 2015 17:13:13 GMT
      Content-Type:
      - application/json
      Content-Length:
      - '550'
      P3p:
      - policyref="http://info.yahoo.com/w3c/p3p.xml", CP="CAO DSP COR CUR ADM DEV
        TAI PSA PSD IVAi IVDi CONi TELo OTPi OUR DELi SAMi OTRi UNRi PUBi IND PHY
        ONL UNI PUR FIN COM NAV INT DEM CNT STA POL HEA PRE LOC GOV"
      Cache-Control:
      - private
      X-Served-By:
      - www25.flickr.bf1.yahoo.com
      Vary:
      - Accept-Encoding
      Age:
      - '0'
      Via:
      - http/1.1 fts123.flickr.bf1.yahoo.com (ApacheTrafficServer/4.0.2 [cMsSf ]),
        http/1.1 r06.ycpi.dea.yahoo.net (ApacheTrafficServer [cMsSf ])
      Server:
      - ATS
      Connection:
      - keep-alive
    body:
      encoding: ASCII-8BIT
      string: '{"photo":{"id":"16367228619","secret":"3af2aba147","server":"8660","farm":9,"dateuploaded":"1424124245","isfavorite":0,"license":"1","safety_level":"0","rotation":0,"originalsecret":"7145f68aed","originalformat":"jpg","owner":{"nsid":"73135567@N00","username":"pikesley","realname":"Sam","location":"London","iconserver":"5072","iconfarm":6,"path_alias":"pikesley"},"title":{"_content":"Embothrium
        seedling"},"description":{"_content":""},"visibility":{"ispublic":1,"isfriend":0,"isfamily":0},"dates":{"posted":"1424124245","taken":"2015-02-16
        23:03:06","takengranularity":"0","takenunknown":"0","lastupdate":"1424125294"},"views":"55","editability":{"cancomment":0,"canaddmeta":0},"publiceditability":{"cancomment":1,"canaddmeta":0},"usage":{"candownload":1,"canblog":0,"canprint":0,"canshare":1},"comments":{"_content":"0"},"notes":{"note":[]},"people":{"haspeople":0},"tags":{"tag":[]},"urls":{"url":[{"type":"photopage","_content":"https:\/\/www.flickr.com\/photos\/pikesley\/16367228619\/"}]},"media":"photo"},"stat":"ok"}'
    http_version: 
  recorded_at: Wed, 11 Mar 2015 17:13:13 GMT
- request:
    method: post
    uri: https://api.flickr.com/services/rest/
    body:
      encoding: US-ASCII
      string: photo_id=16752302412&method=flickr.photos.getInfo&format=json&nojsoncallback=1
    headers:
      Accept-Encoding:
      - gzip;q=1.0,deflate;q=0.6,identity;q=0.3
      Accept:
      - "*/*"
      User-Agent:
      - FlickRaw/0.9.8
      Authorization:
      - OAuth realm="https://api.flickr.com/services/rest/", oauth_consumer_key="<FLICKR_API_KEY>",
        oauth_nonce="cEzgamRNYJ63vox92aRCKuNmzSeez2xypZOdnMOfgUU%3D", oauth_signature="<FLICKR_SECRET>%26",
        oauth_signature_method="PLAINTEXT", oauth_timestamp="1426093993", oauth_token="",
        oauth_version="1.0"
      Content-Type:
      - application/x-www-form-urlencoded
  response:
    status:
      code: 200
      message: OK
    headers:
      Date:
      - Wed, 11 Mar 2015 17:13:13 GMT
      Content-Type:
      - application/json
      Content-Length:
      - '545'
      P3p:
      - policyref="http://info.yahoo.com/w3c/p3p.xml", CP="CAO DSP COR CUR ADM DEV
        TAI PSA PSD IVAi IVDi CONi TELo OTPi OUR DELi SAMi OTRi UNRi PUBi IND PHY
        ONL UNI PUR FIN COM NAV INT DEM CNT STA POL HEA PRE LOC GOV"
      Cache-Control:
      - private
      X-Served-By:
      - www45.flickr.bf1.yahoo.com
      Vary:
      - Accept-Encoding
      Age:
      - '0'
      Via:
      - http/1.1 fts108.flickr.bf1.yahoo.com (ApacheTrafficServer/4.0.2 [cMsSf ]),
        http/1.1 r10.ycpi.dea.yahoo.net (ApacheTrafficServer [cMsSf ])
      Server:
      - ATS
      Connection:
      - keep-alive
    body:
      encoding: ASCII-8BIT
      string: '{"photo":{"id":"16752302412","secret":"d80b27c8dc","server":"8707","farm":9,"dateuploaded":"1425824636","isfavorite":0,"license":"1","safety_level":"0","rotation":0,"originalsecret":"b2e8dd6c5c","originalformat":"jpg","owner":{"nsid":"73135567@N00","username":"pikesley","realname":"Sam","location":"London","iconserver":"5072","iconfarm":6,"path_alias":"pikesley"},"title":{"_content":"Growhouse"},"description":{"_content":""},"visibility":{"ispublic":1,"isfriend":0,"isfamily":0},"dates":{"posted":"1425824636","taken":"2015-03-08
        15:19:53","takengranularity":"0","takenunknown":"0","lastupdate":"1425825014"},"views":"33","editability":{"cancomment":0,"canaddmeta":0},"publiceditability":{"cancomment":1,"canaddmeta":0},"usage":{"candownload":1,"canblog":0,"canprint":0,"canshare":1},"comments":{"_content":"0"},"notes":{"note":[]},"people":{"haspeople":0},"tags":{"tag":[]},"urls":{"url":[{"type":"photopage","_content":"https:\/\/www.flickr.com\/photos\/pikesley\/16752302412\/"}]},"media":"photo"},"stat":"ok"}'
    http_version: 
  recorded_at: Wed, 11 Mar 2015 17:13:13 GMT
- request:
    method: post
    uri: https://api.flickr.com/services/rest/
    body:
      encoding: US-ASCII
      string: photo_id=16752239531&method=flickr.photos.getInfo&format=json&nojsoncallback=1
    headers:
      Accept-Encoding:
      - gzip;q=1.0,deflate;q=0.6,identity;q=0.3
      Accept:
      - "*/*"
      User-Agent:
      - FlickRaw/0.9.8
      Authorization:
      - OAuth realm="https://api.flickr.com/services/rest/", oauth_consumer_key="<FLICKR_API_KEY>",
        oauth_nonce="t8jRHtYi2lf%2BnvU3AHg0HIMCUyvd60Ti13ViJoNBho0%3D", oauth_signature="<FLICKR_SECRET>%26",
        oauth_signature_method="PLAINTEXT", oauth_timestamp="1426093993", oauth_token="",
        oauth_version="1.0"
      Content-Type:
      - application/x-www-form-urlencoded
  response:
    status:
      code: 200
      message: OK
    headers:
      Date:
      - Wed, 11 Mar 2015 17:13:14 GMT
      Content-Type:
      - application/json
      Content-Length:
      - '602'
      P3p:
      - policyref="http://info.yahoo.com/w3c/p3p.xml", CP="CAO DSP COR CUR ADM DEV
        TAI PSA PSD IVAi IVDi CONi TELo OTPi OUR DELi SAMi OTRi UNRi PUBi IND PHY
        ONL UNI PUR FIN COM NAV INT DEM CNT STA POL HEA PRE LOC GOV"
      Cache-Control:
      - private
      X-Served-By:
      - www7.flickr.bf1.yahoo.com
      Vary:
      - Accept-Encoding
      Age:
      - '0'
      Via:
      - http/1.1 fts124.flickr.bf1.yahoo.com (ApacheTrafficServer/4.0.2 [cMsSf ]),
        http/1.1 r07.ycpi.dea.yahoo.net (ApacheTrafficServer [cMsSf ])
      Server:
      - ATS
      Connection:
      - keep-alive
    body:
      encoding: ASCII-8BIT
      string: '{"photo":{"id":"16752239531","secret":"2bcaa35495","server":"7651","farm":8,"dateuploaded":"1425824917","isfavorite":0,"license":"1","safety_level":"0","rotation":0,"originalsecret":"6f79696344","originalformat":"jpg","owner":{"nsid":"73135567@N00","username":"pikesley","realname":"Sam","location":"London","iconserver":"5072","iconfarm":6,"path_alias":"pikesley"},"title":{"_content":"Patio
        pots"},"description":{"_content":"Chives, tarragon, sage, thyme, rosemary,
        spinachy things, chocolate mint, potato bags\n"},"visibility":{"ispublic":1,"isfriend":0,"isfamily":0},"dates":{"posted":"1425824917","taken":"2015-03-08
        15:20:22","takengranularity":"0","takenunknown":"0","lastupdate":"1425825005"},"views":"32","editability":{"cancomment":0,"canaddmeta":0},"publiceditability":{"cancomment":1,"canaddmeta":0},"usage":{"candownload":1,"canblog":0,"canprint":0,"canshare":1},"comments":{"_content":"0"},"notes":{"note":[]},"people":{"haspeople":0},"tags":{"tag":[]},"urls":{"url":[{"type":"photopage","_content":"https:\/\/www.flickr.com\/photos\/pikesley\/16752239531\/"}]},"media":"photo"},"stat":"ok"}'
    http_version: 
  recorded_at: Wed, 11 Mar 2015 17:13:14 GMT
recorded_with: VCR 2.9.3
